[devsdesign.net/products/html/konstruk/index.html]
[backblue.gif]
[fade.gif]
[index.html]
[devsdesign.net/products/html/konstruk/apple-touch-icon.png]
[devsdesign.net/products/html/konstruk/assets/images/fav.png]
[devsdesign.net/products/html/konstruk/assets/css/bootstrap.min.css]
[devsdesign.net/products/html/konstruk/assets/css/font-awesome.min.css]
[devsdesign.net/products/html/konstruk/assets/css/uicons-regular-rounded.css]
[devsdesign.net/products/html/konstruk/assets/fonts/flaticon.css]
[devsdesign.net/products/html/konstruk/assets/css/animate.css]
[devsdesign.net/products/html/konstruk/assets/css/slick.css]
[devsdesign.net/products/html/konstruk/assets/css/owl.carousel.css]
[devsdesign.net/products/html/konstruk/assets/css/off-canvas.css]
[devsdesign.net/products/html/konstruk/assets/css/magnific-popup.css]
[devsdesign.net/products/html/konstruk/assets/css/rsmenu-main.css]
[devsdesign.net/products/html/konstruk/assets/css/rs-spacing.css]
[devsdesign.net/products/html/konstruk/style.css]
[devsdesign.net/products/html/konstruk/assets/css/responsive.css]
[devsdesign.net/products/html/konstruk/index-2.html]
[devsdesign.net/products/html/konstruk/assets/images/logo-dark.png]
[devsdesign.net/products/html/konstruk/index2.html]
[devsdesign.net/products/html/konstruk/index3.html]
[devsdesign.net/products/html/konstruk/index4.html]
[devsdesign.net/products/html/konstruk/index5.html]
[devsdesign.net/products/html/konstruk/index6.html]
[devsdesign.net/products/html/konstruk/index7.html]
[devsdesign.net/products/html/konstruk/index8.html]
[devsdesign.net/products/html/konstruk/index9.html]
[devsdesign.net/products/html/konstruk/index10.html]
[devsdesign.net/products/html/konstruk/index11.html]
[devsdesign.net/products/html/konstruk/index12.html]
[devsdesign.net/products/html/konstruk/index13.html]
[devsdesign.net/products/html/konstruk/index14.html]
[devsdesign.net/products/html/konstruk/index15.html]
[devsdesign.net/products/html/konstruk/onepage1.html]
[devsdesign.net/products/html/konstruk/onepage2.html]
[devsdesign.net/products/html/konstruk/onepage3.html]
[devsdesign.net/products/html/konstruk/onepage4.html]
[devsdesign.net/products/html/konstruk/onepage5.html]
[devsdesign.net/products/html/konstruk/onepage6.html]
[devsdesign.net/products/html/konstruk/onepage7.html]
[devsdesign.net/products/html/konstruk/onepage8.html]
[devsdesign.net/products/html/konstruk/onepage9.html]
[devsdesign.net/products/html/konstruk/onepage10.html]
[devsdesign.net/products/html/konstruk/onepage11.html]
[devsdesign.net/products/html/konstruk/onepage12.html]
[devsdesign.net/products/html/konstruk/onepage13.html]
[devsdesign.net/products/html/konstruk/onepage14.html]
[devsdesign.net/products/html/konstruk/onepage15.html]
[devsdesign.net/products/html/konstruk/about.html]
[devsdesign.net/products/html/konstruk/services.html]
[devsdesign.net/products/html/konstruk/services-style1.html]
[devsdesign.net/products/html/konstruk/services-style2.html]
[devsdesign.net/products/html/konstruk/general-construction.html]
[devsdesign.net/products/html/konstruk/property-maintenance.html]
[devsdesign.net/products/html/konstruk/preconstruction.html]
[devsdesign.net/products/html/konstruk/virtual-design-build.html]
[devsdesign.net/products/html/konstruk/project-managment.html]
[devsdesign.net/products/html/konstruk/design-build.html]
[devsdesign.net/products/html/konstruk/team-style1.html]
[devsdesign.net/products/html/konstruk/team-style2.html]
[devsdesign.net/products/html/konstruk/team-style3.html]
[devsdesign.net/products/html/konstruk/team-style4.html]
[devsdesign.net/products/html/konstruk/team-style5.html]
[devsdesign.net/products/html/konstruk/team-single.html]
[devsdesign.net/products/html/konstruk/projects-style1.html]
[devsdesign.net/products/html/konstruk/projects-style2.html]
[devsdesign.net/products/html/konstruk/projects-style3.html]
[devsdesign.net/products/html/konstruk/projects-style4.html]
[devsdesign.net/products/html/konstruk/projects-style5.html]
[devsdesign.net/products/html/konstruk/projects-filter-style1.html]
[devsdesign.net/products/html/konstruk/projects-filter-style2.html]
[devsdesign.net/products/html/konstruk/projects-single.html]
[devsdesign.net/products/html/konstruk/pricing-plan.html]
[devsdesign.net/products/html/konstruk/faq.html]
[devsdesign.net/products/html/konstruk/gallery.html]
[devsdesign.net/products/html/konstruk/shop.html]
[devsdesign.net/products/html/konstruk/shop-single.html]
[devsdesign.net/products/html/konstruk/cart.html]
[devsdesign.net/products/html/konstruk/checkout.html]
[devsdesign.net/products/html/konstruk/my-account.html]
[devsdesign.net/products/html/konstruk/blog.html]
[devsdesign.net/products/html/konstruk/contact.html]
[devsdesign.net/products/html/konstruk/assets/images/slider/style1/shapes/icons3.png]
[devsdesign.net/products/html/konstruk/assets/images/slider/style1/shapes/icons1.png]
[devsdesign.net/products/html/konstruk/assets/images/slider/style1/shapes/icons2.png]
[devsdesign.net/products/html/konstruk/assets/images/about/style1/about.png]
[devsdesign.net/products/html/konstruk/assets/images/shape-1.png]
[devsdesign.net/products/html/konstruk/assets/images/about/style1/abzt.jpg]
[devsdesign.net/products/html/konstruk/assets/images/about/style1/signeture1.png]
[devsdesign.net/products/html/konstruk/assets/images/services/main-home/main-img/servic-1.jpg]
[devsdesign.net/products/html/konstruk/assets/images/services/main-home/main-icons/service-icon1.png]
[devsdesign.net/products/html/konstruk/assets/images/services/main-home/main-img/servic-2.jpg]
[devsdesign.net/products/html/konstruk/assets/images/services/main-home/main-icons/service-icon2.png]
[devsdesign.net/products/html/konstruk/assets/images/services/main-home/main-img/servic-3.jpg]
[devsdesign.net/products/html/konstruk/assets/images/services/main-home/main-icons/service-icon3.png]
[devsdesign.net/products/html/konstruk/assets/images/services/main-home/main-img/servic-4.jpg]
[devsdesign.net/products/html/konstruk/assets/images/services/main-home/main-icons/service-icon4.png]
[devsdesign.net/products/html/konstruk/assets/images/services/main-home/main-img/servic-5.jpg]
[devsdesign.net/products/html/konstruk/assets/images/services/main-home/main-icons/service-icon5.png]
[devsdesign.net/products/html/konstruk/assets/images/services/main-home/main-img/servic-6.jpg]
[devsdesign.net/products/html/konstruk/assets/images/services/main-home/main-icons/service-icon6.png]
[devsdesign.net/products/html/konstruk/assets/images/project/style1/1.jpg]
[devsdesign.net/products/html/konstruk/assets/images/project/style1/2.jpg]
[devsdesign.net/products/html/konstruk/assets/images/project/style1/3.jpg]
[devsdesign.net/products/html/konstruk/assets/images/project/style1/4.jpg]
[devsdesign.net/products/html/konstruk/assets/images/project/style1/5.jpg]
[devsdesign.net/products/html/konstruk/assets/images/project/style1/6.jpg]
[devsdesign.net/products/html/konstruk/assets/images/testimonial/style1/quote.png]
[devsdesign.net/products/html/konstruk/assets/images/testimonial/style1/testi1.jpg]
[devsdesign.net/products/html/konstruk/assets/images/testimonial/style1/testi2.jpg]
[devsdesign.net/products/html/konstruk/assets/images/team/tm1.jpg]
[devsdesign.net/products/html/konstruk/assets/images/team/tm2.jpg]
[devsdesign.net/products/html/konstruk/assets/images/team/tm3.jpg]
[devsdesign.net/products/html/konstruk/assets/images/team/tm4.jpg]
[devsdesign.net/products/html/konstruk/assets/images/team/tm5.jpg]
[devsdesign.net/products/html/konstruk/assets/images/team/tm6.jpg]
[devsdesign.net/products/html/konstruk/assets/images/partner/style1/1.png]
[devsdesign.net/products/html/konstruk/assets/images/partner/style1/2.png]
[devsdesign.net/products/html/konstruk/assets/images/partner/style1/3.png]
[devsdesign.net/products/html/konstruk/assets/images/partner/style1/4.png]
[devsdesign.net/products/html/konstruk/assets/images/partner/style1/5.png]
[devsdesign.net/products/html/konstruk/assets/images/partner/style1/6.png]
[devsdesign.net/products/html/konstruk/assets/images/partner/style1/7.png]
[devsdesign.net/products/html/konstruk/assets/images/contact/style1/icons/1.png]
[devsdesign.net/products/html/konstruk/assets/images/contact/style1/icons/2.png]
[devsdesign.net/products/html/konstruk/assets/images/contact/style1/icons/3.png]
[devsdesign.net/products/html/konstruk/blog-single.html]
[devsdesign.net/products/html/konstruk/assets/images/blog/style1/1.jpg]
[devsdesign.net/products/html/konstruk/assets/images/blog/style1/2.jpg]
[devsdesign.net/products/html/konstruk/assets/images/blog/style1/3.jpg]
[devsdesign.net/products/html/konstruk/assets/images/blog/style1/4.jpg]
[devsdesign.net/products/html/konstruk/assets/images/blog/style1/5.jpg]
[devsdesign.net/products/html/konstruk/assets/images/blog/style1/6.jpg]
[devsdesign.net/products/html/konstruk/assets/images/logo-white.png]
[devsdesign.net/products/html/konstruk/assets/js/modernizr-2.8.3.min.js]
[devsdesign.net/products/html/konstruk/assets/js/jquery.min.js]
[devsdesign.net/products/html/konstruk/assets/js/bootstrap.min.js]
[devsdesign.net/products/html/konstruk/assets/js/jquery.nav.js]
[devsdesign.net/products/html/konstruk/assets/js/owl.carousel.min.js]
[devsdesign.net/products/html/konstruk/assets/js/isotope.pkgd.min.js]
[devsdesign.net/products/html/konstruk/assets/js/wow.min.js]
[devsdesign.net/products/html/konstruk/assets/js/skill.bars.jquery.js]
[devsdesign.net/products/html/konstruk/assets/js/imagesloaded.pkgd.min.js]
[devsdesign.net/products/html/konstruk/assets/js/slick.min.js]
[devsdesign.net/products/html/konstruk/assets/js/waypoints.min.js]
[devsdesign.net/products/html/konstruk/assets/js/jquery.magnific-popup.min.js]
[devsdesign.net/products/html/konstruk/assets/js/jquery.counterup.min.js]
[devsdesign.net/products/html/konstruk/assets/js/contact.form.js]
[devsdesign.net/products/html/konstruk/assets/js/main.js]
[devsdesign.net/products/html/konstruk/index.html]
[devsdesign.net/products/html/konstruk/apple-touch-icon.html]
[devsdesign.net/products/html/konstruk/assets/css/bootstrap.min.css]
[devsdesign.net/products/html/konstruk/assets/fonts/fontawesome-webfont3e6e.eot]
[devsdesign.net/products/html/konstruk/assets/fonts/fontawesome-webfont3e6e.woff2]
[devsdesign.net/products/html/konstruk/assets/fonts/fontawesome-webfontd41d.eot]
[devsdesign.net/products/html/konstruk/assets/fonts/fontawesome-webfont3e6e.woff]
[devsdesign.net/products/html/konstruk/assets/fonts/fontawesome-webfont3e6e.ttf]
[devsdesign.net/products/html/konstruk/assets/css/font-awesome.min.css]
[devsdesign.net/products/html/konstruk/assets/fonts/fontawesome-webfont3e6e.svg]
[devsdesign.net/products/html/konstruk/assets/fonts/uicons-regular-rounded.eot]
[devsdesign.net/products/html/konstruk/assets/fonts/uicons-regular-rounded.woff2]
[devsdesign.net/products/html/konstruk/assets/fonts/uicons-regular-rounded.woff]
[devsdesign.net/products/html/konstruk/assets/css/uicons-regular-rounded.css]
[devsdesign.net/products/html/konstruk/assets/fonts/Flaticon.eot]
[devsdesign.net/products/html/konstruk/assets/fonts/Flaticond41d.eot]
[devsdesign.net/products/html/konstruk/assets/fonts/Flaticon.woff2]
[devsdesign.net/products/html/konstruk/assets/fonts/Flaticon.woff]
[devsdesign.net/products/html/konstruk/assets/fonts/Flaticon.ttf]
[devsdesign.net/products/html/konstruk/assets/fonts/flaticon.css]
[devsdesign.net/products/html/konstruk/assets/css/animate.css]
[devsdesign.net/products/html/konstruk/assets/css/slick.css]
[devsdesign.net/products/html/konstruk/assets/fonts/Flaticon.svg]
[devsdesign.net/products/html/konstruk/assets/css/owl.video.play.png]
[devsdesign.net/products/html/konstruk/assets/css/owl.carousel.css]
[devsdesign.net/products/html/konstruk/assets/css/off-canvas.css]
[devsdesign.net/products/html/konstruk/assets/css/magnific-popup.css]
[devsdesign.net/products/html/konstruk/assets/css/rsmenu-main.css]
[devsdesign.net/products/html/konstruk/assets/css/rs-spacing.css]
[devsdesign.net/products/html/konstruk/assets/images/bg/about-bg.jpg]
[devsdesign.net/products/html/konstruk/assets/images/bg/counter-bg.jpg]
[devsdesign.net/products/html/konstruk/assets/images/bg/contact-bg.jpg]
[devsdesign.net/products/html/konstruk/assets/images/bg/cta-bg.jpg]
[devsdesign.net/products/html/konstruk/assets/images/bg/double-sec-bg.png]
[devsdesign.net/products/html/konstruk/assets/images/bg/counter-bg2.jpg]
[devsdesign.net/products/html/konstruk/assets/images/bg/about-bg2.jpg]
[devsdesign.net/products/html/konstruk/assets/images/bg/cta-bg2.jpg]
[devsdesign.net/products/html/konstruk/assets/images/bg/service-bg.jpg]
[devsdesign.net/products/html/konstruk/assets/images/bg/team-bg.jpg]
[devsdesign.net/products/html/konstruk/assets/images/bg/cta-bg3.jpg]
[devsdesign.net/products/html/konstruk/assets/images/bg/service-bg2.jpg]
[devsdesign.net/products/html/konstruk/assets/images/bg/testi-bg.jpg]
[devsdesign.net/products/html/konstruk/assets/images/bg/cta-bg4.jpg]
[devsdesign.net/products/html/konstruk/assets/images/bg/process-bg.jpg]
[devsdesign.net/products/html/konstruk/assets/images/bg/cta-bg6.jpg]
[devsdesign.net/products/html/konstruk/assets/images/bg/cta-bg7.jpg]
[devsdesign.net/products/html/konstruk/assets/images/bg/count-bg.jpg]
[devsdesign.net/products/html/konstruk/assets/images/bg/testi-bg2.jpg]
[devsdesign.net/products/html/konstruk/assets/images/bg/contact-bg3.jpg]
[devsdesign.net/products/html/konstruk/assets/images/bg/about-single-bg.jpg]
[devsdesign.net/products/html/konstruk/assets/images/bg/konstruk-bg.jpg]
[devsdesign.net/products/html/konstruk/assets/images/bg/team-single-bg.jpg]
[devsdesign.net/products/html/konstruk/assets/images/bg/counter-12.jpg]
[devsdesign.net/products/html/konstruk/assets/images/bg/testi-bg12.jpg]
[devsdesign.net/products/html/konstruk/assets/images/bg/contact-bg12.jpg]
[devsdesign.net/products/html/konstruk/assets/images/bg/ser-13.jpg]
[devsdesign.net/products/html/konstruk/assets/images/bg/testi-bg13.png]
[devsdesign.net/products/html/konstruk/assets/images/bg/solar-bg13.png]
[devsdesign.net/products/html/konstruk/assets/images/bg/testi-bg14.png]
[devsdesign.net/products/html/konstruk/assets/images/bg/cta-bg15.png]
[devsdesign.net/products/html/konstruk/assets/images/breadcrumbs/inr-1.jpg]
[devsdesign.net/products/html/konstruk/assets/images/breadcrumbs/inr-2.jpg]
[devsdesign.net/products/html/konstruk/assets/images/breadcrumbs/inr-3.jpg]
[devsdesign.net/products/html/konstruk/assets/images/breadcrumbs/inr-4.jpg]
[devsdesign.net/products/html/konstruk/assets/images/breadcrumbs/inr-5.jpg]
[devsdesign.net/products/html/konstruk/assets/images/breadcrumbs/inr-6.jpg]
[devsdesign.net/products/html/konstruk/assets/images/banner/banner-1.jpg]
[devsdesign.net/products/html/konstruk/assets/images/banner/banner-bg12.jpg]
[devsdesign.net/products/html/konstruk/assets/images/banner/style1/bnr-bg-14.png]
[devsdesign.net/products/html/konstruk/assets/images/slider/style1/h1-1.jpg]
[devsdesign.net/products/html/konstruk/assets/images/slider/style1/h1-2.jpg]
[devsdesign.net/products/html/konstruk/assets/images/slider/style1/h2-1.jpg]
[devsdesign.net/products/html/konstruk/assets/images/slider/style1/h2-2.jpg]
[devsdesign.net/products/html/konstruk/assets/images/slider/style1/h3-1.jpg]
[devsdesign.net/products/html/konstruk/assets/images/slider/style1/h3-2.jpg]
[devsdesign.net/products/html/konstruk/assets/images/slider/style1/h4-1.jpg]
[devsdesign.net/products/html/konstruk/assets/images/slider/style1/h4-2.jpg]
[devsdesign.net/products/html/konstruk/assets/images/slider/style1/h5-1.jpg]
[devsdesign.net/products/html/konstruk/assets/images/slider/style1/h5-2.jpg]
[devsdesign.net/products/html/konstruk/assets/images/slider/style1/h6-1.jpg]
[devsdesign.net/products/html/konstruk/assets/images/slider/style1/h6-2.jpg]
[devsdesign.net/products/html/konstruk/assets/images/slider/style2/slide-bg.jpg]
[devsdesign.net/products/html/konstruk/assets/images/slider/style1/h7-1.jpg]
[devsdesign.net/products/html/konstruk/assets/images/slider/style1/h7-2.jpg]
[devsdesign.net/products/html/konstruk/assets/images/slider/style1/h8-1.jpg]
[devsdesign.net/products/html/konstruk/assets/images/slider/style1/h8-2.jpg]
[devsdesign.net/products/html/konstruk/assets/images/slider/style4/slider-bg.jpg]
[devsdesign.net/products/html/konstruk/assets/images/slider/style5/slide-1.png]
[devsdesign.net/products/html/konstruk/assets/images/slider/style5/slide-2.jpg]
[devsdesign.net/products/html/konstruk/assets/images/slider/style5/slide-3.jpg]
[devsdesign.net/products/html/konstruk/assets/images/slider/style6/slide-1.jpg]
[devsdesign.net/products/html/konstruk/assets/images/slider/style6/slide-2.jpg]
[devsdesign.net/products/html/konstruk/assets/images/slider/style6/slide-3.jpg]
[devsdesign.net/products/html/konstruk/assets/images/video/video1g1.png]
[devsdesign.net/products/html/konstruk/assets/images/choose/benefit/skill-blog.jpg]
[devsdesign.net/products/html/konstruk/assets/images/video/video-image2.jpg]
[devsdesign.net/products/html/konstruk/assets/images/bg/contact-bd.jpg]
[devsdesign.net/products/html/konstruk/assets/images/video/video-image3.jpg]
[devsdesign.net/products/html/konstruk/assets/images/video/video-image4.jpg]
[devsdesign.net/products/html/konstruk/assets/images/choose/style3/sec-image.jpg]
[devsdesign.net/products/html/konstruk/assets/images/video/video1g2.png]
[devsdesign.net/products/html/konstruk/assets/images/contact/con-right.png]
[devsdesign.net/products/html/konstruk/assets/images/contact/contact-5.jpg]
[devsdesign.net/products/html/konstruk/assets/images/contact/pro-con2.jpg]
[devsdesign.net/products/html/konstruk/assets/images/video/video-img6.jpg]
[devsdesign.net/products/html/konstruk/assets/images/process/style2/1.jpg]
[devsdesign.net/products/html/konstruk/assets/images/process/style2/2.jpg]
[devsdesign.net/products/html/konstruk/assets/images/process/style2/3.jpg]
[devsdesign.net/products/html/konstruk/assets/images/process/style3/icons/steps-bg.png]
[devsdesign.net/products/html/konstruk/assets/images/project/portfolio.jpg]
[devsdesign.net/products/html/konstruk/assets/images/skillbar/row-shape.png]
[devsdesign.net/products/html/konstruk/assets/images/skillbar/construct-building.png]
[devsdesign.net/products/html/konstruk/assets/images/video/video-image5.jpg]
[devsdesign.net/products/html/konstruk/assets/images/services/style7/img/1.jpg]
[devsdesign.net/products/html/konstruk/assets/images/services/style7/img/2.jpg]
[devsdesign.net/products/html/konstruk/assets/images/services/style7/img/3.jpg]
[devsdesign.net/products/html/konstruk/assets/images/services/style13/s-bg.jpg]
[devsdesign.net/products/html/konstruk/assets/images/services/services-single/ser2.jpg]
[devsdesign.net/products/html/konstruk/assets/images/choose/benefit/tabs-images.png]
[devsdesign.net/products/html/konstruk/assets/images/bg/partner-bg.jpg]
[devsdesign.net/products/html/konstruk/assets/images/bg/cta-bg5.jpg]
[devsdesign.net/products/html/konstruk/assets/images/bg/cta-bg8.jpg]
[devsdesign.net/products/html/konstruk/assets/images/bg/cta-bg9.jpg]
[devsdesign.net/products/html/konstruk/assets/images/bg/footer-bg.jpg]
[devsdesign.net/products/html/konstruk/assets/images/bg/footer-bg2.jpg]
[devsdesign.net/products/html/konstruk/assets/images/bg/footer-bg3.jpg]
[devsdesign.net/products/html/konstruk/assets/images/bg/footer-bg4.jpg]
[devsdesign.net/products/html/konstruk/assets/images/bg/footer-bg5.jpg]
[devsdesign.net/products/html/konstruk/assets/images/bg/footer-bg-12.jpg]
[devsdesign.net/products/html/konstruk/style.css]
[devsdesign.net/products/html/konstruk/assets/css/responsive.css]
[devsdesign.net/products/html/konstruk/index-2.html]
[devsdesign.net/products/html/konstruk/assets/images/logo.png]
[devsdesign.net/products/html/konstruk/assets/images/about/about-2-1.jpg]
[devsdesign.net/products/html/konstruk/assets/images/project/style1/7.jpg]
[devsdesign.net/products/html/konstruk/assets/images/testimonial/man-img.png]
[devsdesign.net/products/html/konstruk/assets/images/testimonial/style1/testi3.jpg]
[devsdesign.net/products/html/konstruk/assets/images/testimonial/style1/testi4.jpg]
[devsdesign.net/products/html/konstruk/index2.html]
[devsdesign.net/products/html/konstruk/assets/images/services/style2/1.png]
[devsdesign.net/products/html/konstruk/assets/images/services/style2/2.png]
[devsdesign.net/products/html/konstruk/preconstruction]
[devsdesign.net/products/html/konstruk/assets/images/services/style2/3.png]
[devsdesign.net/products/html/konstruk/assets/images/about/about-3.png]
[devsdesign.net/products/html/konstruk/assets/images/services/style3/ser-icon1.png]
[devsdesign.net/products/html/konstruk/assets/images/services/style3/ser-icon2.png]
[devsdesign.net/products/html/konstruk/assets/images/services/style3/ser-icon3.png]
[devsdesign.net/products/html/konstruk/assets/images/services/style3/ser-icon4.png]
[devsdesign.net/products/html/konstruk/assets/images/services/style3/ser-icon5.png]
[devsdesign.net/products/html/konstruk/assets/images/services/style3/ser-icon6.png]
[devsdesign.net/products/html/konstruk/assets/images/contact/pro-con.jpg]
[devsdesign.net/products/html/konstruk/index3.html]
[devsdesign.net/products/html/konstruk/assets/images/logo-red.png]
[devsdesign.net/products/html/konstruk/assets/images/slider/style1/icon2.png]
[devsdesign.net/products/html/konstruk/assets/images/about/style2/about-1.png]
[devsdesign.net/products/html/konstruk/assets/images/about/style2/about-2.png]
[devsdesign.net/products/html/konstruk/assets/images/about/style2/about-3.png]
[devsdesign.net/products/html/konstruk/assets/images/about/style2/about-4.png]
[devsdesign.net/products/html/konstruk/assets/images/shape-2.png]
[devsdesign.net/products/html/konstruk/assets/images/about/style2/ser-icon1.png]
[devsdesign.net/products/html/konstruk/assets/images/about/style2/ser-icon2.png]
[devsdesign.net/products/html/konstruk/assets/images/services/style4/service-1.png]
[devsdesign.net/products/html/konstruk/assets/images/services/style4/service-2.png]
[devsdesign.net/products/html/konstruk/assets/images/services/style4/service-3.png]
[devsdesign.net/products/html/konstruk/assets/images/services/style4/service-4.png]
[devsdesign.net/products/html/konstruk/assets/images/services/style4/service-5.png]
[devsdesign.net/products/html/konstruk/assets/images/services/style4/service-6.png]
[devsdesign.net/products/html/konstruk/assets/images/project/style2/port-1.jpg]
[devsdesign.net/products/html/konstruk/assets/images/project/style2/port-3.jpg]
[devsdesign.net/products/html/konstruk/assets/images/project/style2/port-2.jpg]
[devsdesign.net/products/html/konstruk/assets/images/project/style2/port-4.jpg]
[devsdesign.net/products/html/konstruk/assets/images/choose/style1/icons/1.png]
[devsdesign.net/products/html/konstruk/assets/images/choose/style1/icons/2.png]
[devsdesign.net/products/html/konstruk/assets/images/choose/style1/icons/3.png]
[devsdesign.net/products/html/konstruk/assets/images/choose/style1/icons/4.png]
[devsdesign.net/products/html/konstruk/assets/images/testimonial/style1/quote2.png]
[devsdesign.net/products/html/konstruk/assets/images/red-white.png]
[devsdesign.net/products/html/konstruk/index4.html]
[devsdesign.net/products/html/konstruk/assets/images/services/style5/1.png]
[devsdesign.net/products/html/konstruk/assets/images/services/style5/2.png]
[devsdesign.net/products/html/konstruk/assets/images/services/style5/3.png]
[devsdesign.net/products/html/konstruk/assets/images/services/style5/4.png]
[devsdesign.net/products/html/konstruk/assets/images/services/style5/5.png]
[devsdesign.net/products/html/konstruk/assets/images/services/style5/6.png]
[devsdesign.net/products/html/konstruk/assets/images/about/about-5.png]
[devsdesign.net/products/html/konstruk/assets/images/counter/icons/count1.png]
[devsdesign.net/products/html/konstruk/assets/images/counter/icons/count2.png]
[devsdesign.net/products/html/konstruk/assets/images/counter/icons/count3.png]
[devsdesign.net/products/html/konstruk/assets/images/counter/icons/count4.png]
[devsdesign.net/products/html/konstruk/assets/images/konstruk.mp4]
[devsdesign.net/products/html/konstruk/assets/images/project/indrusti/indrusti-1.jpg]
[devsdesign.net/products/html/konstruk/assets/images/project/indrusti/indrusti-2.jpg]
[devsdesign.net/products/html/konstruk/assets/images/project/indrusti/indrusti-3.jpg]
[devsdesign.net/products/html/konstruk/assets/images/project/indrusti/indrusti-4.jpg]
[devsdesign.net/products/html/konstruk/assets/images/project/indrusti/indrusti-5.jpg]
[devsdesign.net/products/html/konstruk/assets/images/project/indrusti/indrusti-6.jpg]
[devsdesign.net/products/html/konstruk/assets/images/testimonial/style1/quote3.png]
[devsdesign.net/products/html/konstruk/assets/images/partner/style2/1.png]
[devsdesign.net/products/html/konstruk/assets/images/partner/style2/2.png]
[devsdesign.net/products/html/konstruk/assets/images/partner/style2/3.png]
[devsdesign.net/products/html/konstruk/assets/images/partner/style2/4.png]
[devsdesign.net/products/html/konstruk/assets/images/partner/style2/5.png]
[devsdesign.net/products/html/konstruk/assets/images/partner/style2/6.png]
[devsdesign.net/products/html/konstruk/assets/images/partner/style2/7.png]
[devsdesign.net/products/html/konstruk/index5.html]
[devsdesign.net/products/html/konstruk/assets/images/logo-blue.png]
[devsdesign.net/products/html/konstruk/assets/images/about/style3/about-6.png]
[devsdesign.net/products/html/konstruk/assets/images/about/style3/shape-1.png]
[devsdesign.net/products/html/konstruk/assets/images/services/style6/service-1.jpg]
[devsdesign.net/products/html/konstruk/assets/images/services/style6/service-2.jpg]
[devsdesign.net/products/html/konstruk/assets/images/services/style6/service-3.jpg]
[devsdesign.net/products/html/konstruk/assets/images/services/style6/service-4.jpg]
[devsdesign.net/products/html/konstruk/assets/images/services/style6/service-5.jpg]
[devsdesign.net/products/html/konstruk/assets/images/services/style6/service-6.jpg]
[devsdesign.net/products/html/konstruk/assets/images/cta/plumber-man.png]
[devsdesign.net/products/html/konstruk/assets/images/project/style3/port-1.jpg]
[devsdesign.net/products/html/konstruk/assets/images/project/style3/port-2.jpg]
[devsdesign.net/products/html/konstruk/assets/images/project/style3/port-3.jpg]
[devsdesign.net/products/html/konstruk/assets/images/project/style3/port-5.jpg]
[devsdesign.net/products/html/konstruk/assets/images/project/style3/port-4.jpg]
[devsdesign.net/products/html/konstruk/assets/images/project/style3/port-6.jpg]
[devsdesign.net/products/html/konstruk/assets/images/team/style1/tm1.jpg]
[devsdesign.net/products/html/konstruk/assets/images/team/style1/tm2.jpg]
[devsdesign.net/products/html/konstruk/assets/images/team/style1/tm3.jpg]
[devsdesign.net/products/html/konstruk/assets/images/choose/style2/icons/1.png]
[devsdesign.net/products/html/konstruk/assets/images/choose/style2/icons/2.png]
[devsdesign.net/products/html/konstruk/assets/images/choose/style2/icons/3.png]
[devsdesign.net/products/html/konstruk/assets/images/process/style1/1.png]
[devsdesign.net/products/html/konstruk/assets/images/process/style1/2.png]
[devsdesign.net/products/html/konstruk/assets/images/process/style1/3.png]
[devsdesign.net/products/html/konstruk/assets/images/process/style1/arrow-icon.png]
[devsdesign.net/products/html/konstruk/assets/images/testimonial/style1/quote4.png]
[devsdesign.net/products/html/konstruk/assets/images/blue-white.png]
[devsdesign.net/products/html/konstruk/index6.html]
[devsdesign.net/products/html/konstruk/assets/images/logo-paste.png]
[devsdesign.net/products/html/konstruk/assets/images/paste-light.png]
[devsdesign.net/products/html/konstruk/assets/images/services/style7/icons/1.png]
[devsdesign.net/products/html/konstruk/assets/images/services/style7/icons/2.png]
[devsdesign.net/products/html/konstruk/assets/images/services/style7/icons/3.png]
[devsdesign.net/products/html/konstruk/assets/images/about/about-7.jpg]
[devsdesign.net/products/html/konstruk/assets/images/services/style8/icons1.png]
[devsdesign.net/products/html/konstruk/assets/images/services/style8/icons2.png]
[devsdesign.net/products/html/konstruk/assets/images/services/style8/icons3.png]
[devsdesign.net/products/html/konstruk/assets/images/services/style8/icons4.png]
[devsdesign.net/products/html/konstruk/assets/images/services/style8/icons5.png]
[devsdesign.net/products/html/konstruk/assets/images/services/style8/icons6.png]
[devsdesign.net/products/html/konstruk/assets/images/project/style4/port1.jpg]
[devsdesign.net/products/html/konstruk/assets/images/project/style4/port2.jpg]
[devsdesign.net/products/html/konstruk/assets/images/project/style4/port3.jpg]
[devsdesign.net/products/html/konstruk/assets/images/project/style4/port4.jpg]
[devsdesign.net/products/html/konstruk/assets/images/project/style4/port5.jpg]
[devsdesign.net/products/html/konstruk/assets/images/team/style1/tm4.jpg]
[devsdesign.net/products/html/konstruk/assets/images/choose/style3/icons1.png]
[devsdesign.net/products/html/konstruk/assets/images/choose/style3/icons2.png]
[devsdesign.net/products/html/konstruk/assets/images/choose/style3/icons3.png]
[devsdesign.net/products/html/konstruk/assets/images/choose/style3/icons4.png]
[devsdesign.net/products/html/konstruk/index7.html]
[devsdesign.net/products/html/konstruk/assets/images/logo-orange.png]
[devsdesign.net/products/html/konstruk/assets/images/orange-white.png]
[devsdesign.net/products/html/konstruk/assets/images/slider/style2/slide-image1.png]
[devsdesign.net/products/html/konstruk/assets/images/slider/style2/slide-image2.png]
[devsdesign.net/products/html/konstruk/assets/images/about/signeture1.png]
[devsdesign.net/products/html/konstruk/assets/images/services/style9/service1.jpg]
[devsdesign.net/products/html/konstruk/assets/images/services/style9/service2.jpg]
[devsdesign.net/products/html/konstruk/assets/images/services/style9/service3.jpg]
[devsdesign.net/products/html/konstruk/assets/images/services/style9/service4.jpg]
[devsdesign.net/products/html/konstruk/assets/images/services/style9/service5.jpg]
[devsdesign.net/products/html/konstruk/assets/images/services/style9/service6.jpg]
[devsdesign.net/products/html/konstruk/assets/images/services/style9/service7.jpg]
[devsdesign.net/products/html/konstruk/assets/images/services/style9/service8.jpg]
[devsdesign.net/products/html/konstruk/assets/images/project/style5/port-1.jpg]
[devsdesign.net/products/html/konstruk/assets/images/project/style5/port-2.jpg]
[devsdesign.net/products/html/konstruk/assets/images/project/style5/port-3.jpg]
[devsdesign.net/products/html/konstruk/assets/images/project/style5/port-4.jpg]
[devsdesign.net/products/html/konstruk/assets/images/project/style5/port-5.jpg]
[devsdesign.net/products/html/konstruk/assets/images/project/style5/port-6.jpg]
[devsdesign.net/products/html/konstruk/assets/images/testimonial/style1/quote5.png]
[devsdesign.net/products/html/konstruk/index8.html]
[devsdesign.net/products/html/konstruk/assets/images/logo-tan.png]
[devsdesign.net/products/html/konstruk/assets/images/about/style4/tm1.jpg]
[devsdesign.net/products/html/konstruk/assets/images/about/style4/sign.png]
[devsdesign.net/products/html/konstruk/assets/images/about/style4/about.png]
[devsdesign.net/products/html/konstruk/assets/images/services/style10/icons/ser1.png]
[devsdesign.net/products/html/konstruk/assets/images/services/style10/icons/ser2.png]
[devsdesign.net/products/html/konstruk/assets/images/services/style10/icons/ser3.png]
[devsdesign.net/products/html/konstruk/assets/images/services/style10/icons/ser4.png]
[devsdesign.net/products/html/konstruk/assets/images/services/style10/icons/ser5.png]
[devsdesign.net/products/html/konstruk/assets/images/services/style10/icons/ser6.png]
[devsdesign.net/products/html/konstruk/assets/images/project/style6/port1.jpg]
[devsdesign.net/products/html/konstruk/assets/images/project/style6/port2.jpg]
[devsdesign.net/products/html/konstruk/assets/images/project/style6/port3.jpg]
[devsdesign.net/products/html/konstruk/assets/images/project/style6/port4.jpg]
[devsdesign.net/products/html/konstruk/assets/images/skillbar/skill-1.png]
[devsdesign.net/products/html/konstruk/assets/images/testimonial/style1/quote6.png]
[devsdesign.net/products/html/konstruk/assets/images/testimonial/testi-9.png]
[devsdesign.net/products/html/konstruk/assets/images/tan-white.png]
[devsdesign.net/products/html/konstruk/index9.html]
[devsdesign.net/products/html/konstruk/assets/js/tilt.jquery.min.js]
[devsdesign.net/products/html/konstruk/assets/images/logo-paste2.png]
[devsdesign.net/products/html/konstruk/assets/images/services/style11/icons/sr-1.png]
[devsdesign.net/products/html/konstruk/assets/images/services/style11/icons/sr-2.png]
[devsdesign.net/products/html/konstruk/assets/images/services/style11/icons/sr-3.png]
[devsdesign.net/products/html/konstruk/assets/images/about/about-8.jpg]
[devsdesign.net/products/html/konstruk/assets/images/shape-3.png]
[devsdesign.net/products/html/konstruk/assets/images/services/style11/icons/sr-4.png]
[devsdesign.net/products/html/konstruk/assets/images/services/style11/icons/sr-5.png]
[devsdesign.net/products/html/konstruk/assets/images/services/style11/icons/sr-6.png]
[devsdesign.net/products/html/konstruk/assets/images/services/style11/icons/sr-7.png]
[devsdesign.net/products/html/konstruk/assets/images/choose/style4/icons/ser1.png]
[devsdesign.net/products/html/konstruk/assets/images/choose/style4/icons/ser3.png]
[devsdesign.net/products/html/konstruk/assets/images/choose/style4/icons/ser5.png]
[devsdesign.net/products/html/konstruk/assets/images/choose/style4/icons/ser2.png]
[devsdesign.net/products/html/konstruk/assets/images/choose/style4/icons/ser4.png]
[devsdesign.net/products/html/konstruk/assets/images/choose/style4/icons/ser6.png]
[devsdesign.net/products/html/konstruk/assets/images/choose/choose-image9.png]
[devsdesign.net/products/html/konstruk/assets/images/testimonial/style1/quote7.png]
[devsdesign.net/products/html/konstruk/assets/images/skillbar/skill-2.png]
[devsdesign.net/products/html/konstruk/assets/images/energy-video-bg.mp4]
[devsdesign.net/products/html/konstruk/assets/images/paste-light2.png]
[devsdesign.net/products/html/konstruk/index10.html]
[devsdesign.net/products/html/konstruk/assets/images/logo-white2.png]
[devsdesign.net/products/html/konstruk/assets/images/slider/style4/slide-img1.jpg]
[devsdesign.net/products/html/konstruk/assets/images/slider/style4/frame.png]
[devsdesign.net/products/html/konstruk/assets/images/slider/style4/frame1.png]
[devsdesign.net/products/html/konstruk/assets/images/slider/style4/slide-img2.jpg]
[devsdesign.net/products/html/konstruk/assets/images/about/about-9.jpg]
[devsdesign.net/products/html/konstruk/assets/images/about/about-9-1.jpg]
[devsdesign.net/products/html/konstruk/assets/images/skillbar/skill-3.png]
[devsdesign.net/products/html/konstruk/assets/images/services/style11/orange-icon/sr-1.png]
[devsdesign.net/products/html/konstruk/assets/images/services/style11/orange-icon/sr-2.png]
[devsdesign.net/products/html/konstruk/assets/images/services/style11/orange-icon/sr-3.png]
[devsdesign.net/products/html/konstruk/assets/images/project/style7/pro-1.jpg]
[devsdesign.net/products/html/konstruk/assets/images/project/style7/pro-2.jpg]
[devsdesign.net/products/html/konstruk/assets/images/project/style7/pro-3.jpg]
[devsdesign.net/products/html/konstruk/assets/images/project/style7/pro-4.jpg]
[devsdesign.net/products/html/konstruk/index11.html]
[devsdesign.net/products/html/konstruk/assets/images/logo-orange2.png]
[devsdesign.net/products/html/konstruk/assets/images/services/style13/icon1.png]
[devsdesign.net/products/html/konstruk/assets/images/services/style13/icon2.png]
[devsdesign.net/products/html/konstruk/assets/images/services/style13/icon3.png]
[devsdesign.net/products/html/konstruk/assets/images/services/style13/icon4.png]
[devsdesign.net/products/html/konstruk/assets/images/about/signature-h12.png]
[devsdesign.net/products/html/konstruk/assets/images/about/about-6.png]
[devsdesign.net/products/html/konstruk/assets/images/about/about-12.png]
[devsdesign.net/products/html/konstruk/assets/images/services/style14/ser-1.png]
[devsdesign.net/products/html/konstruk/assets/images/services/style14/ser-2.png]
[devsdesign.net/products/html/konstruk/assets/images/services/style14/ser-3.png]
[devsdesign.net/products/html/konstruk/assets/images/services/style14/ser-4.png]
[devsdesign.net/products/html/konstruk/assets/images/project/style8/port-1.jpg]
[devsdesign.net/products/html/konstruk/assets/images/project/style8/port-2.jpg]
[devsdesign.net/products/html/konstruk/assets/images/project/style8/port-3.jpg]
[devsdesign.net/products/html/konstruk/assets/images/project/style8/port-4.jpg]
[devsdesign.net/products/html/konstruk/assets/images/project/style8/port-5.jpg]
[devsdesign.net/products/html/konstruk/assets/images/project/style8/port-6.jpg]
[devsdesign.net/products/html/konstruk/assets/images/project/style8/port-7.jpg]
[devsdesign.net/products/html/konstruk/assets/images/blog/style3/bl-1.jpg]
[devsdesign.net/products/html/konstruk/assets/images/blog/style3/bl-2.jpg]
[devsdesign.net/products/html/konstruk/assets/images/blog/style3/bl-3.jpg]
[devsdesign.net/products/html/konstruk/assets/images/blog/style3/bl-4.jpg]
[devsdesign.net/products/html/konstruk/assets/images/blog/style3/bl-5.jpg]
[devsdesign.net/products/html/konstruk/assets/images/blog/style3/bl-6.jpg]
[devsdesign.net/products/html/konstruk/assets/images/contact/contact-12.png]
[devsdesign.net/products/html/konstruk/index12.html]
[devsdesign.net/products/html/konstruk/assets/images/logo-red2.png]
[devsdesign.net/products/html/konstruk/assets/images/services/style15/s-icon1.png]
[devsdesign.net/products/html/konstruk/assets/images/services/style15/s-icon2.png]
[devsdesign.net/products/html/konstruk/assets/images/services/style15/s-icon3.png]
[devsdesign.net/products/html/konstruk/assets/images/services/style15/s-icon4.png]
[devsdesign.net/products/html/konstruk/assets/images/services/style16/icon-1.png]
[devsdesign.net/products/html/konstruk/assets/images/services/style16/icon-2.png]
[devsdesign.net/products/html/konstruk/assets/images/services/style16/icon-3.png]
[devsdesign.net/products/html/konstruk/assets/images/services/style16/icon-4.png]
[devsdesign.net/products/html/konstruk/assets/images/testimonial/style1/quote9.png]
[devsdesign.net/products/html/konstruk/index13.html]
[devsdesign.net/products/html/konstruk/assets/images/banner/style1/img-14.png]
[devsdesign.net/products/html/konstruk/assets/images/about/style5/about-14.png]
[devsdesign.net/products/html/konstruk/assets/images/about/style5/ser1.png]
[devsdesign.net/products/html/konstruk/assets/images/about/style5/ser2.png]
[devsdesign.net/products/html/konstruk/assets/images/services/style16/orange-icons/ser-icon1.png]
[devsdesign.net/products/html/konstruk/assets/images/services/style16/orange-icons/ser-icon2.png]
[devsdesign.net/products/html/konstruk/assets/images/services/style16/orange-icons/ser-icon3.png]
[devsdesign.net/products/html/konstruk/assets/images/services/style16/orange-icons/ser-icon4.png]
[devsdesign.net/products/html/konstruk/assets/images/skillbar/skill-4.png]
[devsdesign.net/products/html/konstruk/assets/images/testimonial/style1/quote10.png]
[devsdesign.net/products/html/konstruk/assets/images/testimonial/style2/left-man.png]
[devsdesign.net/products/html/konstruk/assets/images/testimonial/style2/right-man.png]
[devsdesign.net/products/html/konstruk/index14.html]
[devsdesign.net/products/html/konstruk/assets/images/about/about-15.png]
[devsdesign.net/products/html/konstruk/assets/images/skillbar/skill-5.png]
[devsdesign.net/products/html/konstruk/assets/images/services/style17/ser-box1.png]
[devsdesign.net/products/html/konstruk/assets/images/services/style17/icons/icon-1.png]
[devsdesign.net/products/html/konstruk/assets/images/services/style17/ser-box2.png]
[devsdesign.net/products/html/konstruk/assets/images/services/style17/icons/icon-2.png]
[devsdesign.net/products/html/konstruk/assets/images/services/style17/ser-box3.png]
[devsdesign.net/products/html/konstruk/assets/images/services/style17/icons/icon-3.png]
[devsdesign.net/products/html/konstruk/assets/images/services/style17/ser-box4.png]
[devsdesign.net/products/html/konstruk/assets/images/services/style17/icons/icon-4.png]
[devsdesign.net/products/html/konstruk/assets/images/services/style17/ser-box5.png]
[devsdesign.net/products/html/konstruk/assets/images/services/style17/icons/icon-5.png]
[devsdesign.net/products/html/konstruk/assets/images/services/style17/ser-box6.png]
[devsdesign.net/products/html/konstruk/assets/images/services/style17/icons/icon-6.png]
[devsdesign.net/products/html/konstruk/index15.html]
[devsdesign.net/products/html/konstruk/onepage1.html]
[devsdesign.net/products/html/konstruk/onepage2.html]
[devsdesign.net/products/html/konstruk/onepage3.html]
[devsdesign.net/products/html/konstruk/onepage4.html]
[devsdesign.net/products/html/konstruk/onepage5.html]
[devsdesign.net/products/html/konstruk/onepage6.html]
[devsdesign.net/products/html/konstruk/onepage7.html]
[devsdesign.net/products/html/konstruk/assets/inc/custom-slider/css/nivo-slider.css]
[devsdesign.net/products/html/konstruk/assets/inc/custom-slider/css/preview.css]
[devsdesign.net/products/html/konstruk/assets/inc/custom-slider/js/jquery.nivo.slider.js]
[devsdesign.net/products/html/konstruk/onepage8.html]
[devsdesign.net/products/html/konstruk/onepage9.html]
[devsdesign.net/products/html/konstruk/onepage10.html]
[devsdesign.net/products/html/konstruk/onepage11.html]
[devsdesign.net/products/html/konstruk/onepage12.html]
[devsdesign.net/products/html/konstruk/onepage13.html]
[devsdesign.net/products/html/konstruk/onepage14.html]
[devsdesign.net/products/html/konstruk/onepage15.html]
[devsdesign.net/products/html/konstruk/about.html]
[devsdesign.net/products/html/konstruk/services.html]
[devsdesign.net/products/html/konstruk/assets/images/services/style12/icons/ser1.png]
[devsdesign.net/products/html/konstruk/assets/images/services/style12/icons/ser2.png]
[devsdesign.net/products/html/konstruk/assets/images/services/style12/icons/ser3.png]
[devsdesign.net/products/html/konstruk/assets/images/services/style12/icons/ser4.png]
[devsdesign.net/products/html/konstruk/assets/images/services/style12/icons/ser5.png]
[devsdesign.net/products/html/konstruk/assets/images/services/style12/icons/ser6.png]
[devsdesign.net/products/html/konstruk/assets/images/process/style3/icons/p1.png]
[devsdesign.net/products/html/konstruk/assets/images/process/style3/icons/p2.png]
[devsdesign.net/products/html/konstruk/assets/images/process/style3/icons/p3.png]
[devsdesign.net/products/html/konstruk/assets/images/process/style3/icons/p4.png]
[devsdesign.net/products/html/konstruk/assets/images/contact/ser-con1.jpg]
[devsdesign.net/products/html/konstruk/assets/images/contact/style1/icons/4.png]
[devsdesign.net/products/html/konstruk/services-style1.html]
[devsdesign.net/products/html/konstruk/services-style2.html]
[devsdesign.net/products/html/konstruk/assets/images/services/services-single/ser1.jpg]
[devsdesign.net/products/html/konstruk/assets/images/counter/icons/ser-single/si1.png]
[devsdesign.net/products/html/konstruk/assets/images/counter/icons/ser-single/si2.png]
[devsdesign.net/products/html/konstruk/assets/images/services/services-single/ser3.jpg]
[devsdesign.net/products/html/konstruk/assets/images/services/services-single/ser4.jpg]
[devsdesign.net/products/html/konstruk/assets/images/testimonial/style1/quote8.png]
[devsdesign.net/products/html/konstruk/contact1.html]
[devsdesign.net/products/html/konstruk/general-construction.html]
[devsdesign.net/products/html/konstruk/property-maintenance.html]
[devsdesign.net/products/html/konstruk/preconstruction.html]
[devsdesign.net/products/html/konstruk/virtual-design-build.html]
[devsdesign.net/products/html/konstruk/project-managment.html]
[devsdesign.net/products/html/konstruk/design-build.html]
[devsdesign.net/products/html/konstruk/assets/images/team/tm8.jpg]
[devsdesign.net/products/html/konstruk/team-style1.html]
[devsdesign.net/products/html/konstruk/team-style2.html]
[devsdesign.net/products/html/konstruk/team-style3.html]
[devsdesign.net/products/html/konstruk/team-style4.html]
[devsdesign.net/products/html/konstruk/team-style5.html]
[devsdesign.net/products/html/konstruk/assets/images/skillbar/tm-1.jpg]
[devsdesign.net/products/html/konstruk/assets/images/services/services-single/ser5.jpg]
[devsdesign.net/products/html/konstruk/team-single.html]
[devsdesign.net/products/html/konstruk/projects-style1.html]
[devsdesign.net/products/html/konstruk/projects-style2.html]
[devsdesign.net/products/html/konstruk/assets/images/project/style1/8.jpg]
[devsdesign.net/products/html/konstruk/assets/images/project/style1/9.jpg]
[devsdesign.net/products/html/konstruk/projects-style3.html]
[devsdesign.net/products/html/konstruk/projects-style4.html]
[devsdesign.net/products/html/konstruk/projects-style5.html]
[devsdesign.net/products/html/konstruk/projects-filter-style1.html]
[devsdesign.net/products/html/konstruk/projects-filter-style2.html]
[devsdesign.net/products/html/konstruk/assets/images/slider/style3/sl1.jpg]
[devsdesign.net/products/html/konstruk/assets/images/slider/style3/sl2.jpg]
[devsdesign.net/products/html/konstruk/assets/images/slider/style3/sl3.jpg]
[devsdesign.net/products/html/konstruk/assets/images/counter/pro-single/icons1.png]
[devsdesign.net/products/html/konstruk/assets/images/counter/pro-single/icons2.png]
[devsdesign.net/products/html/konstruk/assets/images/counter/pro-single/icons3.png]
[devsdesign.net/products/html/konstruk/assets/images/counter/pro-single/icons4.png]
[devsdesign.net/products/html/konstruk/assets/images/project/details/pro-img1.jpg]
[devsdesign.net/products/html/konstruk/assets/images/project/details/pro-video.png]
[devsdesign.net/products/html/konstruk/projects-single.html]
[devsdesign.net/products/html/konstruk/assets/images/pricing/style1/icons1.png]
[devsdesign.net/products/html/konstruk/assets/images/pricing/style1/icons2.png]
[devsdesign.net/products/html/konstruk/assets/images/pricing/style1/icons3.png]
[devsdesign.net/products/html/konstruk/pricing-plan.html]
[devsdesign.net/products/html/konstruk/faq.html]
[devsdesign.net/products/html/konstruk/gallery.html]
[devsdesign.net/products/html/konstruk/assets/images/shop/1.jpg]
[devsdesign.net/products/html/konstruk/assets/images/shop/2.jpg]
[devsdesign.net/products/html/konstruk/assets/images/shop/3.jpg]
[devsdesign.net/products/html/konstruk/assets/images/shop/4.jpg]
[devsdesign.net/products/html/konstruk/assets/images/shop/5.jpg]
[devsdesign.net/products/html/konstruk/assets/images/shop/6.jpg]
[devsdesign.net/products/html/konstruk/assets/images/shop/7.jpg]
[devsdesign.net/products/html/konstruk/assets/images/shop/8.jpg]
[devsdesign.net/products/html/konstruk/assets/images/shop/9.jpg]
[devsdesign.net/products/html/konstruk/shop.html]
[devsdesign.net/products/html/konstruk/shop-single.html]
[devsdesign.net/products/html/konstruk/cart.html]
[devsdesign.net/products/html/konstruk/assets/images/paypal.png]
[devsdesign.net/products/html/konstruk/checkout.html]
[devsdesign.net/products/html/konstruk/my-account.html]
[devsdesign.net/products/html/konstruk/blog.html]
[devsdesign.net/products/html/konstruk/contact.html]
[devsdesign.net/products/html/konstruk/blog-single.html]
[devsdesign.net/products/html/konstruk/assets/js/modernizr-2.8.3.min.js]
[devsdesign.net/products/html/konstruk/assets/js/jquery.min.js]
[devsdesign.net/products/html/konstruk/assets/js/bootstrap.min.js]
[devsdesign.net/products/html/konstruk/assets/js/jquery.nav.js]
[devsdesign.net/products/html/konstruk/assets/js/owl.carousel.min.js]
[devsdesign.net/products/html/konstruk/assets/js/isotope.pkgd.min.js]
[devsdesign.net/products/html/konstruk/assets/js/wow.min.js]
[devsdesign.net/products/html/konstruk/assets/js/skill.bars.jquery.js]
[devsdesign.net/products/html/konstruk/assets/js/imagesloaded.pkgd.min.js]
[devsdesign.net/products/html/konstruk/assets/js/slick.min.js]
[devsdesign.net/products/html/konstruk/assets/js/waypoints.min.js]
[devsdesign.net/products/html/konstruk/assets/js/jquery.magnific-popup.min.js]
[devsdesign.net/products/html/konstruk/assets/js/jquery.counterup.min.js]
[devsdesign.net/products/html/konstruk/assets/js/contact.form.js]
[devsdesign.net/products/html/konstruk/assets/js/main.js]
[devsdesign.net/products/html/konstruk/assets/fonts/fontawesome-webfont3e6e.svg]
[devsdesign.net/products/html/konstruk/assets/fonts/Flaticon.svg]
[devsdesign.net/products/html/konstruk/assets/css/owl.video.play.html]
[devsdesign.net/products/html/konstruk/preconstruction-2.html]
[devsdesign.net/products/html/konstruk/assets/js/tilt.jquery.min.js]
[devsdesign.net/products/html/konstruk/assets/inc/custom-slider/css/nivo-slider.html]
[devsdesign.net/products/html/konstruk/assets/inc/custom-slider/css/preview.html]
[devsdesign.net/products/html/konstruk/assets/inc/custom-slider/js/jquery.nivo.slider.html]
[devsdesign.net/products/html/konstruk/contact1.html]
[devsdesign.net/products/html/konstruk/assets/images/about/about-13.png]
[devsdesign.net/products/html/konstruk/assets/images/close.png]
[devsdesign.net/products/html/konstruk/assets/images/bg/about-13bg-1.png]
